// Jest Snapshot v1, https://goo.gl/fbAQLP

exports[`DashboardGrid Can render dashboard grid Should render 1`] = `
<AutoSizer
  disableHeight={true}
  disableWidth={false}
  onResize={[Function]}
  style={Object {}}
>
  <Component />
</AutoSizer>
`;
